#
# There is insufficient memory for the Java Runtime Environment to continue.
# Native memory allocation (malloc) failed to allocate 1048576 bytes. Error detail: AllocateHeap
# Possible reasons:
#   The system is out of physical RAM or swap space
#   This process is running with CompressedOops enabled, and the Java Heap may be blocking the growth of the native heap
# Possible solutions:
#   Reduce memory load on the system
#   Increase physical memory or swap space
#   Check if swap backing store is full
#   Decrease Java heap size (-Xmx/-Xms)
#   Decrease number of Java threads
#   Decrease Java thread stack sizes (-Xss)
#   Set larger code cache with -XX:ReservedCodeCacheSize=
#   JVM is running with Unscaled Compressed Oops mode in which the Java heap is
#     placed in the first 4GB address space. The Java Heap base address is the
#     maximum limit for the native heap growth. Please use -XX:HeapBaseMinAddress
#     to set the Java Heap base and to place the Java Heap above 4GB virtual address.
# This output file may be truncated or incomplete.
#
#  Out of Memory Error (allocation.cpp:44), pid=21176, tid=6884
#
# JRE version: OpenJDK Runtime Environment Temurin-21.0.8+9 (21.0.8+9) (build 21.0.8+9-LTS)
# Java VM: OpenJDK 64-Bit Server VM Temurin-21.0.8+9 (21.0.8+9-LTS, mixed mode, sharing, tiered, compressed oops, compressed class ptrs, parallel gc, windows-amd64)
# No core dump will be written. Minidumps are not enabled by default on client versions of Windows
#

---------------  S U M M A R Y ------------

Command Line: --add-modules=ALL-SYSTEM --add-opens=java.base/java.util=ALL-UNNAMED --add-opens=java.base/java.lang=ALL-UNNAMED --add-opens=java.base/sun.nio.fs=ALL-UNNAMED -Declipse.application=org.eclipse.jdt.ls.core.id1 -Dosgi.bundles.defaultStartLevel=4 -Declipse.product=org.eclipse.jdt.ls.core.product -Djava.import.generatesMetadataFilesAtProjectRoot=false -DDetectVMInstallationsJob.disabled=true -Dfile.encoding=utf8 -XX:+UseParallelGC -XX:GCTimeRatio=4 -XX:AdaptiveSizePolicyWeight=90 -Dsun.zip.disableMemoryMapping=true -Xmx2G -Xms100m -Xlog:disable -javaagent:c:\Users\ASUS\.vscode\extensions\redhat.java-1.46.0-win32-x64\lombok\lombok-1.18.39-4050.jar -XX:+HeapDumpOnOutOfMemoryError -XX:HeapDumpPath=c:\Users\ASUS\AppData\Roaming\Code\User\workspaceStorage\1604d3d35119efbe67ca6a0fd756e219\redhat.java -Daether.dependencyCollector.impl=bf c:\Users\ASUS\.vscode\extensions\redhat.java-1.46.0-win32-x64\server\plugins\org.eclipse.equinox.launcher_1.7.0.v20250519-0528.jar -configuration c:\Users\ASUS\AppData\Roaming\Code\User\globalStorage\redhat.java\1.46.0\config_win -data c:\Users\ASUS\AppData\Roaming\Code\User\workspaceStorage\1604d3d35119efbe67ca6a0fd756e219\redhat.java\jdt_ws --pipe=\\.\pipe\lsp-a810c468be225bc5272290d48d2aa15d-sock

Host: AMD Ryzen 3 7320U with Radeon Graphics         , 8 cores, 7G,  Windows 11 , 64 bit Build 26100 (10.0.26100.6725)
Time: Sat Oct 25 15:37:09 2025 SE Asia Standard Time elapsed time: 18823.412033 seconds (0d 5h 13m 43s)

---------------  T H R E A D  ---------------

Current thread (0x0000022d2afa4100):  JavaThread "Attach Listener" daemon [_thread_in_vm, id=6884, stack(0x0000004db8d00000,0x0000004db8e00000) (1024K)]

Stack: [0x0000004db8d00000,0x0000004db8e00000]
Native frames: (J=compiled Java code, j=interpreted, Vv=VM code, C=native code)
V  [jvm.dll+0x6d2449]
V  [jvm.dll+0x8ae341]
V  [jvm.dll+0x8b08be]
V  [jvm.dll+0x8b0fa3]
V  [jvm.dll+0x280c96]
V  [jvm.dll+0xc0347]
V  [jvm.dll+0x6d2cf9]
V  [jvm.dll+0x131116]
V  [jvm.dll+0x3f2d16]
V  [jvm.dll+0x857e6b]
V  [jvm.dll+0x6d0b0d]
C  [ucrtbase.dll+0x37b0]
C  [KERNEL32.DLL+0x2e8d7]
C  [ntdll.dll+0x8c53c]


---------------  P R O C E S S  ---------------

Threads class SMR info:
_java_thread_list=0x0000022d96e5ac40, length=52, elements={
0x0000022d2b02e480, 0x0000022d2af9d480, 0x0000022d2af9fce0, 0x0000022d2afa34b0,
0x0000022d2afa4100, 0x0000022d2afa4d50, 0x0000022d2afa77b0, 0x0000022d2afa85e0,
0x0000022d2afd51a0, 0x0000022d843ff750, 0x0000022d8465c890, 0x0000022d84c16360,
0x0000022d84677bc0, 0x0000022d843ceab0, 0x0000022d8461f010, 0x0000022d891982c0,
0x0000022d892b9570, 0x0000022d84d5c990, 0x0000022d8495f8e0, 0x0000022d891f8ac0,
0x0000022d891f7da0, 0x0000022d8beccf20, 0x0000022d8becae50, 0x0000022d8becc890,
0x0000022d8becd5b0, 0x0000022d8becb4e0, 0x0000022d8becc200, 0x0000022d8beca130,
0x0000022d8becdc40, 0x0000022d8becbb70, 0x0000022d8beca7c0, 0x0000022d8bed1750,
0x0000022d8a578710, 0x0000022d8c4e8680, 0x0000022d8a57b500, 0x0000022d8a57cf40,
0x0000022d891f9e70, 0x0000022d891fa500, 0x0000022d891f7710, 0x0000022d891f97e0,
0x0000022d891f7080, 0x0000022d8a5779f0, 0x0000022d8a578da0, 0x0000022d8a579430,
0x0000022d8a576640, 0x0000022d8a57bb90, 0x0000022d8a57c220, 0x0000022d8a57c8b0,
0x0000022d8a57a150, 0x0000022d8a57a7e0, 0x0000022d8c4e7ff0, 0x0000022d8c4e7960
}

Java Threads: ( => current thread )
  0x0000022d2b02e480 JavaThread "main"                              [_thread_blocked, id=6648, stack(0x0000004db8600000,0x0000004db8700000) (1024K)]
  0x0000022d2af9d480 JavaThread "Reference Handler"          daemon [_thread_blocked, id=19176, stack(0x0000004db8a00000,0x0000004db8b00000) (1024K)]
  0x0000022d2af9fce0 JavaThread "Finalizer"                  daemon [_thread_blocked, id=22040, stack(0x0000004db8b00000,0x0000004db8c00000) (1024K)]
  0x0000022d2afa34b0 JavaThread "Signal Dispatcher"          daemon [_thread_blocked, id=19956, stack(0x0000004db8c00000,0x0000004db8d00000) (1024K)]
=>0x0000022d2afa4100 JavaThread "Attach Listener"            daemon [_thread_in_vm, id=6884, stack(0x0000004db8d00000,0x0000004db8e00000) (1024K)]
  0x0000022d2afa4d50 JavaThread "Service Thread"             daemon [_thread_blocked, id=2292, stack(0x0000004db8e00000,0x0000004db8f00000) (1024K)]
  0x0000022d2afa77b0 JavaThread "Monitor Deflation Thread"   daemon [_thread_blocked, id=3704, stack(0x0000004db8f00000,0x0000004db9000000) (1024K)]
  0x0000022d2afa85e0 JavaThread "C2 CompilerThread0"         daemon [_thread_blocked, id=20972, stack(0x0000004db9000000,0x0000004db9100000) (1024K)]
  0x0000022d2afd51a0 JavaThread "C1 CompilerThread0"         daemon [_thread_blocked, id=22768, stack(0x0000004db9100000,0x0000004db9200000) (1024K)]
  0x0000022d843ff750 JavaThread "Common-Cleaner"             daemon [_thread_blocked, id=12920, stack(0x0000004db9200000,0x0000004db9300000) (1024K)]
  0x0000022d8465c890 JavaThread "Notification Thread"        daemon [_thread_blocked, id=23292, stack(0x0000004db9300000,0x0000004db9400000) (1024K)]
  0x0000022d84c16360 JavaThread "Active Thread: Equinox Container: 562b53eb-d6f4-4145-b5f2-86d276c1c247"        [_thread_blocked, id=5552, stack(0x0000004db9b00000,0x0000004db9c00000) (1024K)]
  0x0000022d84677bc0 JavaThread "Refresh Thread: Equinox Container: 562b53eb-d6f4-4145-b5f2-86d276c1c247" daemon [_thread_blocked, id=22864, stack(0x0000004db9400000,0x0000004db9500000) (1024K)]
  0x0000022d843ceab0 JavaThread "Framework Event Dispatcher: Equinox Container: 562b53eb-d6f4-4145-b5f2-86d276c1c247" daemon [_thread_blocked, id=12656, stack(0x0000004db9d00000,0x0000004db9e00000) (1024K)]
  0x0000022d8461f010 JavaThread "Start Level: Equinox Container: 562b53eb-d6f4-4145-b5f2-86d276c1c247" daemon [_thread_blocked, id=10844, stack(0x0000004db9e00000,0x0000004db9f00000) (1024K)]
  0x0000022d891982c0 JavaThread "Bundle File Closer"         daemon [_thread_blocked, id=20404, stack(0x0000004db9f00000,0x0000004dba000000) (1024K)]
  0x0000022d892b9570 JavaThread "SCR Component Actor"        daemon [_thread_blocked, id=25652, stack(0x0000004db8300000,0x0000004db8400000) (1024K)]
  0x0000022d84d5c990 JavaThread "Worker-JM"                         [_thread_blocked, id=25856, stack(0x0000004db8400000,0x0000004db8500000) (1024K)]
  0x0000022d8495f8e0 JavaThread "JNA Cleaner"                daemon [_thread_blocked, id=26180, stack(0x0000004dba000000,0x0000004dba100000) (1024K)]
  0x0000022d891f8ac0 JavaThread "Java indexing"              daemon [_thread_blocked, id=25692, stack(0x0000004dba500000,0x0000004dba600000) (1024K)]
  0x0000022d891f7da0 JavaThread "Thread-1"                   daemon [_thread_in_native, id=25772, stack(0x0000004dbab00000,0x0000004dbac00000) (1024K)]
  0x0000022d8beccf20 JavaThread "Thread-2"                   daemon [_thread_in_native, id=19832, stack(0x0000004dbac00000,0x0000004dbad00000) (1024K)]
  0x0000022d8becae50 JavaThread "Thread-3"                   daemon [_thread_in_native, id=23796, stack(0x0000004dbad00000,0x0000004dbae00000) (1024K)]
  0x0000022d8becc890 JavaThread "Thread-4"                   daemon [_thread_in_native, id=528, stack(0x0000004dbae00000,0x0000004dbaf00000) (1024K)]
  0x0000022d8becd5b0 JavaThread "Thread-5"                   daemon [_thread_in_native, id=25800, stack(0x0000004dbaf00000,0x0000004dbb000000) (1024K)]
  0x0000022d8becb4e0 JavaThread "Thread-6"                   daemon [_thread_in_native, id=21216, stack(0x0000004dbb000000,0x0000004dbb100000) (1024K)]
  0x0000022d8becc200 JavaThread "Thread-7"                   daemon [_thread_in_native, id=11828, stack(0x0000004dbb100000,0x0000004dbb200000) (1024K)]
  0x0000022d8beca130 JavaThread "Thread-8"                   daemon [_thread_in_native, id=19008, stack(0x0000004dbb200000,0x0000004dbb300000) (1024K)]
  0x0000022d8becdc40 JavaThread "Thread-9"                   daemon [_thread_in_native, id=25792, stack(0x0000004dbb300000,0x0000004dbb400000) (1024K)]
  0x0000022d8becbb70 JavaThread "pool-2-thread-1"                   [_thread_blocked, id=12236, stack(0x0000004dbb400000,0x0000004dbb500000) (1024K)]
  0x0000022d8beca7c0 JavaThread "WorkspaceEventsHandler"            [_thread_blocked, id=25920, stack(0x0000004dbb600000,0x0000004dbb700000) (1024K)]
  0x0000022d8bed1750 JavaThread "pool-1-thread-1"                   [_thread_blocked, id=25924, stack(0x0000004dbb700000,0x0000004dbb800000) (1024K)]
  0x0000022d8a578710 JavaThread "pool-3-thread-1"                   [_thread_blocked, id=15476, stack(0x0000004dbc000000,0x0000004dbc100000) (1024K)]
  0x0000022d8c4e8680 JavaThread "Cleaner-0"                  daemon [_thread_blocked, id=21508, stack(0x0000004db8500000,0x0000004db8600000) (1024K)]
  0x0000022d8a57b500 JavaThread "Worker-29"                         [_thread_blocked, id=21452, stack(0x0000004dba700000,0x0000004dba800000) (1024K)]
  0x0000022d8a57cf40 JavaThread "Worker-39"                         [_thread_blocked, id=27168, stack(0x0000004dbaa00000,0x0000004dbab00000) (1024K)]
  0x0000022d891f9e70 JavaThread "ForkJoinPool.commonPool-worker-57" daemon [_thread_blocked, id=15812, stack(0x0000004dba100000,0x0000004dba200000) (1024K)]
  0x0000022d891fa500 JavaThread "ForkJoinPool.commonPool-worker-58" daemon [_thread_blocked, id=14832, stack(0x0000004dba200000,0x0000004dba300000) (1024K)]
  0x0000022d891f7710 JavaThread "ForkJoinPool.commonPool-worker-59" daemon [_thread_blocked, id=19464, stack(0x0000004dba300000,0x0000004dba400000) (1024K)]
  0x0000022d891f97e0 JavaThread "ForkJoinPool.commonPool-worker-60" daemon [_thread_blocked, id=26404, stack(0x0000004dba400000,0x0000004dba500000) (1024K)]
  0x0000022d891f7080 JavaThread "ForkJoinPool.commonPool-worker-61" daemon [_thread_blocked, id=6356, stack(0x0000004dba600000,0x0000004dba700000) (1024K)]
  0x0000022d8a5779f0 JavaThread "ForkJoinPool.commonPool-worker-62" daemon [_thread_blocked, id=9992, stack(0x0000004dba800000,0x0000004dba900000) (1024K)]
  0x0000022d8a578da0 JavaThread "Worker-41"                         [_thread_blocked, id=7276, stack(0x0000004dba900000,0x0000004dbaa00000) (1024K)]
  0x0000022d8a579430 JavaThread "Worker-42"                         [_thread_blocked, id=27800, stack(0x0000004dbb500000,0x0000004dbb600000) (1024K)]
  0x0000022d8a576640 JavaThread "Worker-43"                         [_thread_blocked, id=23408, stack(0x0000004dbb800000,0x0000004dbb900000) (1024K)]
  0x0000022d8a57bb90 JavaThread "Compiler Source File Reader" daemon [_thread_blocked, id=1912, stack(0x0000004dbb900000,0x0000004dbba00000) (1024K)]
  0x0000022d8a57c220 JavaThread "Compiler Source File Reader" daemon [_thread_blocked, id=28156, stack(0x0000004dbba00000,0x0000004dbbb00000) (1024K)]
  0x0000022d8a57c8b0 JavaThread "Compiler Processing Task"   daemon [_thread_blocked, id=17452, stack(0x0000004dbbb00000,0x0000004dbbc00000) (1024K)]
  0x0000022d8a57a150 JavaThread "Compiler Source File Reader" daemon [_thread_blocked, id=15280, stack(0x0000004dbbc00000,0x0000004dbbd00000) (1024K)]
  0x0000022d8a57a7e0 JavaThread "Compiler Source File Reader" daemon [_thread_blocked, id=19416, stack(0x0000004dbbd00000,0x0000004dbbe00000) (1024K)]
  0x0000022d8c4e7ff0 JavaThread "Worker-44"                         [_thread_blocked, id=28408, stack(0x0000004dbbe00000,0x0000004dbbf00000) (1024K)]
  0x0000022d8c4e7960 JavaThread "Compiler Source File Reader" daemon [_thread_blocked, id=1756, stack(0x0000004dbbf00000,0x0000004dbc000000) (1024K)]
Total: 52

Other Threads:
  0x0000022d2af825f0 VMThread "VM Thread"                           [id=1788, stack(0x0000004db8900000,0x0000004db8a00000) (1024K)] _threads_hazard_ptr=0x0000022d96e5ac40
  0x0000022d2aebca00 WatcherThread "VM Periodic Task Thread"        [id=19344, stack(0x0000004db8800000,0x0000004db8900000) (1024K)]
  0x0000022d2b04b8d0 WorkerThread "GC Thread#0"                     [id=16900, stack(0x0000004db8700000,0x0000004db8800000) (1024K)]
  0x0000022d84ae36c0 WorkerThread "GC Thread#1"                     [id=21760, stack(0x0000004db9500000,0x0000004db9600000) (1024K)]
  0x0000022d848f3880 WorkerThread "GC Thread#2"                     [id=19900, stack(0x0000004db9600000,0x0000004db9700000) (1024K)]
  0x0000022d848f3c20 WorkerThread "GC Thread#3"                     [id=14264, stack(0x0000004db9700000,0x0000004db9800000) (1024K)]
  0x0000022d848f3fc0 WorkerThread "GC Thread#4"                     [id=19696, stack(0x0000004db9800000,0x0000004db9900000) (1024K)]
  0x0000022d848f4360 WorkerThread "GC Thread#5"                     [id=7016, stack(0x0000004db9900000,0x0000004db9a00000) (1024K)]
  0x0000022d84927be0 WorkerThread "GC Thread#6"                     [id=1616, stack(0x0000004db9a00000,0x0000004db9b00000) (1024K)]
  0x0000022d84ed5370 WorkerThread "GC Thread#7"                     [id=20936, stack(0x0000004db9c00000,0x0000004db9d00000) (1024K)]
Total: 10

Threads with active compile tasks:
Total: 0

VM state: not at safepoint (normal execution)

VM Mutex/Monitor currently owned by a thread: None

Heap address: 0x0000000080000000, size: 2048 MB, Compressed Oops mode: 32-bit

CDS archive(s) mapped at: [0x0000022d42000000-0x0000022d42ba0000-0x0000022d42ba0000), size 12189696, SharedBaseAddress: 0x0000022d42000000, ArchiveRelocationMode: 1.
Compressed class space mapped at: 0x0000022d43000000-0x0000022d83000000, reserved size: 1073741824
Narrow klass base: 0x0000022d42000000, Narrow klass shift: 0, Narrow klass range: 0x100000000

GC Precious Log:
 CardTable entry size: 512
 CPUs: 8 total, 8 available
 Memory: 7455M
 Large Page Support: Disabled
 NUMA Support: Disabled
 Compressed Oops: Enabled (32-bit)
 Alignments: Space 512K, Generation 512K, Heap 2M
 Heap Min Capacity: 100M
 Heap Initial Capacity: 100M
 Heap Max Capacity: 2G
 Pre-touch: Disabled
 Parallel Workers: 8

Heap:
 PSYoungGen      total 23552K, used 19919K [0x00000000d5580000, 0x00000000d7900000, 0x0000000100000000)
  eden space 11776K, 70% used [0x00000000d5580000,0x00000000d5da5c28,0x00000000d6100000)
  from space 11776K, 98% used [0x00000000d6100000,0x00000000d6c4e170,0x00000000d6c80000)
  to   space 12288K, 0% used [0x00000000d6d00000,0x00000000d6d00000,0x00000000d7900000)
 ParOldGen       total 1187840K, used 335767K [0x0000000080000000, 0x00000000c8800000, 0x00000000d5580000)
  object space 1187840K, 28% used [0x0000000080000000,0x00000000947e5f78,0x00000000c8800000)
 Metaspace       used 85227K, committed 86784K, reserved 1179648K
  class space    used 8618K, committed 9344K, reserved 1048576K

Card table byte_map: [0x0000022d2a9d0000,0x0000022d2ade0000] _byte_map_base: 0x0000022d2a5d0000

Marking Bits: (ParMarkBitMap*) 0x00007ffdccb8a340
 Begin Bits: [0x0000022d3d4d0000, 0x0000022d3f4d0000)
 End Bits:   [0x0000022d3f4d0000, 0x0000022d414d0000)

Polling page: 0x0000022d2a740000

Metaspace:

Usage:
  Non-class:     74.81 MB used.
      Class:      8.42 MB used.
       Both:     83.23 MB used.

Virtual space:
  Non-class space:      128.00 MB reserved,      75.62 MB ( 59%) committed,  2 nodes.
      Class space:        1.00 GB reserved,       9.12 MB ( <1%) committed,  1 nodes.
             Both:        1.12 GB reserved,      84.75 MB (  7%) committed. 

Chunk freelists:
   Non-Class:  3.55 MB
       Class:  6.94 MB
        Both:  10.48 MB

MaxMetaspaceSize: unlimited
CompressedClassSpaceSize: 1.00 GB
Initial GC threshold: 21.00 MB
Current GC threshold: 140.62 MB
CDS: on
 - commit_granule_bytes: 65536.
 - commit_granule_words: 8192.
 - virtual_space_node_default_size: 8388608.
 - enlarge_chunks_in_place: 1.
 - use_allocation_guard: 0.


Internal statistics:

num_allocs_failed_limit: 9.
num_arena_births: 1834.
num_arena_deaths: 484.
num_vsnodes_births: 3.
num_vsnodes_deaths: 0.
num_space_committed: 1356.
num_space_uncommitted: 0.
num_chunks_returned_to_freelist: 573.
num_chunks_taken_from_freelist: 6315.
num_chunk_merges: 143.
num_chunk_splits: 3506.
num_chunks_enlarged: 1763.
num_inconsistent_stats: 0.

CodeHeap 'non-profiled nmethods': size=120000Kb used=20874Kb max_used=24099Kb free=99126Kb
 bounds [0x0000022d35cf0000, 0x0000022d37480000, 0x0000022d3d220000]
CodeHeap 'profiled nmethods': size=120000Kb used=41419Kb max_used=49513Kb free=78581Kb
 bounds [0x0000022d2e220000, 0x0000022d31280000, 0x0000022d35750000]
CodeHeap 'non-nmethods': size=5760Kb used=1532Kb max_used=1643Kb free=4227Kb
 bounds [0x0000022d35750000, 0x0000022d359c0000, 0x0000022d35cf0000]
CodeCache: size=245760Kb, used=63825Kb, max_used=75255Kb, free=181934Kb
 total_blobs=18168, nmethods=17320, adapters=747, full_count=0
Compilation: enabled, stopped_count=0, restarted_count=0

Compilation events (20 events):
Event: 18791.250 Thread 0x0000022d2afa85e0 22271       4       org.eclipse.jdt.internal.compiler.parser.Scanner::checkTaskTag (937 bytes)
Event: 18791.263 Thread 0x0000022d2afa85e0 nmethod 22271 0x0000022d36243710 code [0x0000022d362438e0, 0x0000022d36244020]
Event: 18791.902 Thread 0x0000022d2afd51a0 22272       3       org.eclipse.jdt.internal.core.BasicCompilationUnit::<init> (14 bytes)
Event: 18791.903 Thread 0x0000022d2afd51a0 nmethod 22272 0x0000022d2e7df090 code [0x0000022d2e7df280, 0x0000022d2e7df6c0]
Event: 18791.903 Thread 0x0000022d2afd51a0 22274   !   3       org.eclipse.jdt.internal.core.BasicCompilationUnit::initAttributes (214 bytes)
Event: 18791.931 Thread 0x0000022d2afd51a0 nmethod 22274 0x0000022d2ebf6e90 code [0x0000022d2ebf7240, 0x0000022d2ebf9100]
Event: 18791.931 Thread 0x0000022d2afd51a0 22273       3       org.eclipse.jdt.internal.core.BasicCompilationUnit::<init> (23 bytes)
Event: 18791.932 Thread 0x0000022d2afd51a0 nmethod 22273 0x0000022d2e6e4d10 code [0x0000022d2e6e4ee0, 0x0000022d2e6e5278]
Event: 18793.806 Thread 0x0000022d2afd51a0 22275   !   3       org.eclipse.core.internal.content.ContentTypeManager::getInstance (39 bytes)
Event: 18793.809 Thread 0x0000022d2afd51a0 nmethod 22275 0x0000022d2f380a90 code [0x0000022d2f380c80, 0x0000022d2f381208]
Event: 18793.809 Thread 0x0000022d2afd51a0 22276  s    3       org.eclipse.core.internal.events.ResourceChangeListenerList::add (114 bytes)
Event: 18793.813 Thread 0x0000022d2afd51a0 nmethod 22276 0x0000022d2f534590 code [0x0000022d2f534820, 0x0000022d2f5354c8]
Event: 18794.021 Thread 0x0000022d2afd51a0 22277       3       com.microsoft.java.builder.jdtbuilder.NameEnvironment::cleanup (67 bytes)
Event: 18794.024 Thread 0x0000022d2afd51a0 nmethod 22277 0x0000022d2f481f90 code [0x0000022d2f482180, 0x0000022d2f482748]
Event: 18794.152 Thread 0x0000022d2afd51a0 22278       3       org.eclipse.lsp4j.FileEvent::<init> (5 bytes)
Event: 18794.152 Thread 0x0000022d2afd51a0 nmethod 22278 0x0000022d2eb04390 code [0x0000022d2eb04540, 0x0000022d2eb046a8]
Event: 18794.153 Thread 0x0000022d2afd51a0 22279       3       java.util.stream.DistinctOps$1$2::accept (24 bytes)
Event: 18794.154 Thread 0x0000022d2afd51a0 nmethod 22279 0x0000022d2ebd0a10 code [0x0000022d2ebd0be0, 0x0000022d2ebd0ec8]
Event: 18794.154 Thread 0x0000022d2afd51a0 22280       3       org.eclipse.lsp4j.FileEvent::hashCode (53 bytes)
Event: 18794.156 Thread 0x0000022d2afd51a0 nmethod 22280 0x0000022d2ec9a610 code [0x0000022d2ec9a7e0, 0x0000022d2ec9aac0]

GC Heap History (20 events):
Event: 18785.655 GC heap before
{Heap before GC invocations=2739 (full 5):
 PSYoungGen      total 15360K, used 14308K [0x00000000d5580000, 0x00000000d6880000, 0x0000000100000000)
  eden space 12800K, 100% used [0x00000000d5580000,0x00000000d6200000,0x00000000d6200000)
  from space 2560K, 58% used [0x00000000d6200000,0x00000000d6379210,0x00000000d6480000)
  to   space 2048K, 0% used [0x00000000d6680000,0x00000000d6680000,0x00000000d6880000)
 ParOldGen       total 1187840K, used 313014K [0x0000000080000000, 0x00000000c8800000, 0x00000000d5580000)
  object space 1187840K, 26% used [0x0000000080000000,0x00000000931adb78,0x00000000c8800000)
 Metaspace       used 84943K, committed 86528K, reserved 1179648K
  class space    used 8594K, committed 9344K, reserved 1048576K
}
Event: 18785.664 GC heap after
{Heap after GC invocations=2739 (full 5):
 PSYoungGen      total 16384K, used 852K [0x00000000d5580000, 0x00000000d6780000, 0x0000000100000000)
  eden space 15360K, 0% used [0x00000000d5580000,0x00000000d5580000,0x00000000d6480000)
  from space 1024K, 83% used [0x00000000d6680000,0x00000000d6755200,0x00000000d6780000)
  to   space 1536K, 0% used [0x00000000d6480000,0x00000000d6480000,0x00000000d6600000)
 ParOldGen       total 1187840K, used 314419K [0x0000000080000000, 0x00000000c8800000, 0x00000000d5580000)
  object space 1187840K, 26% used [0x0000000080000000,0x000000009330ce18,0x00000000c8800000)
 Metaspace       used 84943K, committed 86528K, reserved 1179648K
  class space    used 8594K, committed 9344K, reserved 1048576K
}
Event: 18785.719 GC heap before
{Heap before GC invocations=2740 (full 5):
 PSYoungGen      total 16384K, used 16212K [0x00000000d5580000, 0x00000000d6780000, 0x0000000100000000)
  eden space 15360K, 100% used [0x00000000d5580000,0x00000000d6480000,0x00000000d6480000)
  from space 1024K, 83% used [0x00000000d6680000,0x00000000d6755200,0x00000000d6780000)
  to   space 1536K, 0% used [0x00000000d6480000,0x00000000d6480000,0x00000000d6600000)
 ParOldGen       total 1187840K, used 314419K [0x0000000080000000, 0x00000000c8800000, 0x00000000d5580000)
  object space 1187840K, 26% used [0x0000000080000000,0x000000009330ce18,0x00000000c8800000)
 Metaspace       used 84943K, committed 86528K, reserved 1179648K
  class space    used 8594K, committed 9344K, reserved 1048576K
}
Event: 18785.724 GC heap after
{Heap after GC invocations=2740 (full 5):
 PSYoungGen      total 16896K, used 916K [0x00000000d5580000, 0x00000000d6700000, 0x0000000100000000)
  eden space 15360K, 0% used [0x00000000d5580000,0x00000000d5580000,0x00000000d6480000)
  from space 1536K, 59% used [0x00000000d6480000,0x00000000d6565200,0x00000000d6600000)
  to   space 1024K, 0% used [0x00000000d6600000,0x00000000d6600000,0x00000000d6700000)
 ParOldGen       total 1187840K, used 315164K [0x0000000080000000, 0x00000000c8800000, 0x00000000d5580000)
  object space 1187840K, 26% used [0x0000000080000000,0x00000000933c72d0,0x00000000c8800000)
 Metaspace       used 84943K, committed 86528K, reserved 1179648K
  class space    used 8594K, committed 9344K, reserved 1048576K
}
Event: 18785.950 GC heap before
{Heap before GC invocations=2741 (full 5):
 PSYoungGen      total 16896K, used 16276K [0x00000000d5580000, 0x00000000d6700000, 0x0000000100000000)
  eden space 15360K, 100% used [0x00000000d5580000,0x00000000d6480000,0x00000000d6480000)
  from space 1536K, 59% used [0x00000000d6480000,0x00000000d6565200,0x00000000d6600000)
  to   space 1024K, 0% used [0x00000000d6600000,0x00000000d6600000,0x00000000d6700000)
 ParOldGen       total 1187840K, used 315164K [0x0000000080000000, 0x00000000c8800000, 0x00000000d5580000)
  object space 1187840K, 26% used [0x0000000080000000,0x00000000933c72d0,0x00000000c8800000)
 Metaspace       used 84943K, committed 86528K, reserved 1179648K
  class space    used 8594K, committed 9344K, reserved 1048576K
}
Event: 18785.956 GC heap after
{Heap after GC invocations=2741 (full 5):
 PSYoungGen      total 16384K, used 948K [0x00000000d5580000, 0x00000000d6700000, 0x0000000100000000)
  eden space 15360K, 0% used [0x00000000d5580000,0x00000000d5580000,0x00000000d6480000)
  from space 1024K, 92% used [0x00000000d6600000,0x00000000d66ed200,0x00000000d6700000)
  to   space 1024K, 0% used [0x00000000d6500000,0x00000000d6500000,0x00000000d6600000)
 ParOldGen       total 1187840K, used 315953K [0x0000000080000000, 0x00000000c8800000, 0x00000000d5580000)
  object space 1187840K, 26% used [0x0000000080000000,0x000000009348c520,0x00000000c8800000)
 Metaspace       used 84943K, committed 86528K, reserved 1179648K
  class space    used 8594K, committed 9344K, reserved 1048576K
}
Event: 18787.274 GC heap before
{Heap before GC invocations=2742 (full 5):
 PSYoungGen      total 16384K, used 16308K [0x00000000d5580000, 0x00000000d6700000, 0x0000000100000000)
  eden space 15360K, 100% used [0x00000000d5580000,0x00000000d6480000,0x00000000d6480000)
  from space 1024K, 92% used [0x00000000d6600000,0x00000000d66ed200,0x00000000d6700000)
  to   space 1024K, 0% used [0x00000000d6500000,0x00000000d6500000,0x00000000d6600000)
 ParOldGen       total 1187840K, used 315953K [0x0000000080000000, 0x00000000c8800000, 0x00000000d5580000)
  object space 1187840K, 26% used [0x0000000080000000,0x000000009348c520,0x00000000c8800000)
 Metaspace       used 84943K, committed 86528K, reserved 1179648K
  class space    used 8594K, committed 9344K, reserved 1048576K
}
Event: 18787.283 GC heap after
{Heap after GC invocations=2742 (full 5):
 PSYoungGen      total 16384K, used 1012K [0x00000000d5580000, 0x00000000d6980000, 0x0000000100000000)
  eden space 15360K, 0% used [0x00000000d5580000,0x00000000d5580000,0x00000000d6480000)
  from space 1024K, 98% used [0x00000000d6500000,0x00000000d65fd200,0x00000000d6600000)
  to   space 2560K, 0% used [0x00000000d6700000,0x00000000d6700000,0x00000000d6980000)
 ParOldGen       total 1187840K, used 317109K [0x0000000080000000, 0x00000000c8800000, 0x00000000d5580000)
  object space 1187840K, 26% used [0x0000000080000000,0x00000000935ad7c0,0x00000000c8800000)
 Metaspace       used 84943K, committed 86528K, reserved 1179648K
  class space    used 8594K, committed 9344K, reserved 1048576K
}
Event: 18787.765 GC heap before
{Heap before GC invocations=2743 (full 5):
 PSYoungGen      total 16384K, used 16372K [0x00000000d5580000, 0x00000000d6980000, 0x0000000100000000)
  eden space 15360K, 100% used [0x00000000d5580000,0x00000000d6480000,0x00000000d6480000)
  from space 1024K, 98% used [0x00000000d6500000,0x00000000d65fd200,0x00000000d6600000)
  to   space 2560K, 0% used [0x00000000d6700000,0x00000000d6700000,0x00000000d6980000)
 ParOldGen       total 1187840K, used 317109K [0x0000000080000000, 0x00000000c8800000, 0x00000000d5580000)
  object space 1187840K, 26% used [0x0000000080000000,0x00000000935ad7c0,0x00000000c8800000)
 Metaspace       used 84943K, committed 86528K, reserved 1179648K
  class space    used 8594K, committed 9344K, reserved 1048576K
}
Event: 18787.776 GC heap after
{Heap after GC invocations=2743 (full 5):
 PSYoungGen      total 16384K, used 596K [0x00000000d5580000, 0x00000000d6800000, 0x0000000100000000)
  eden space 15360K, 0% used [0x00000000d5580000,0x00000000d5580000,0x00000000d6480000)
  from space 1024K, 58% used [0x00000000d6700000,0x00000000d6795220,0x00000000d6800000)
  to   space 1536K, 0% used [0x00000000d6500000,0x00000000d6500000,0x00000000d6680000)
 ParOldGen       total 1187840K, used 318122K [0x0000000080000000, 0x00000000c8800000, 0x00000000d5580000)
  object space 1187840K, 26% used [0x0000000080000000,0x00000000936aaa00,0x00000000c8800000)
 Metaspace       used 84943K, committed 86528K, reserved 1179648K
  class space    used 8594K, committed 9344K, reserved 1048576K
}
Event: 18787.816 GC heap before
{Heap before GC invocations=2744 (full 5):
 PSYoungGen      total 16384K, used 15956K [0x00000000d5580000, 0x00000000d6800000, 0x0000000100000000)
  eden space 15360K, 100% used [0x00000000d5580000,0x00000000d6480000,0x00000000d6480000)
  from space 1024K, 58% used [0x00000000d6700000,0x00000000d6795220,0x00000000d6800000)
  to   space 1536K, 0% used [0x00000000d6500000,0x00000000d6500000,0x00000000d6680000)
 ParOldGen       total 1187840K, used 318122K [0x0000000080000000, 0x00000000c8800000, 0x00000000d5580000)
  object space 1187840K, 26% used [0x0000000080000000,0x00000000936aaa00,0x00000000c8800000)
 Metaspace       used 84944K, committed 86528K, reserved 1179648K
  class space    used 8594K, committed 9344K, reserved 1048576K
}
Event: 18787.821 GC heap after
{Heap after GC invocations=2744 (full 5):
 PSYoungGen      total 16896K, used 500K [0x00000000d5580000, 0x00000000d6780000, 0x0000000100000000)
  eden space 15360K, 0% used [0x00000000d5580000,0x00000000d5580000,0x00000000d6480000)
  from space 1536K, 32% used [0x00000000d6500000,0x00000000d657d200,0x00000000d6680000)
  to   space 1024K, 0% used [0x00000000d6680000,0x00000000d6680000,0x00000000d6780000)
 ParOldGen       total 1187840K, used 318530K [0x0000000080000000, 0x00000000c8800000, 0x00000000d5580000)
  object space 1187840K, 26% used [0x0000000080000000,0x0000000093710a40,0x00000000c8800000)
 Metaspace       used 84944K, committed 86528K, reserved 1179648K
  class space    used 8594K, committed 9344K, reserved 1048576K
}
Event: 18790.902 GC heap before
{Heap before GC invocations=2745 (full 5):
 PSYoungGen      total 16896K, used 15860K [0x00000000d5580000, 0x00000000d6780000, 0x0000000100000000)
  eden space 15360K, 100% used [0x00000000d5580000,0x00000000d6480000,0x00000000d6480000)
  from space 1536K, 32% used [0x00000000d6500000,0x00000000d657d200,0x00000000d6680000)
  to   space 1024K, 0% used [0x00000000d6680000,0x00000000d6680000,0x00000000d6780000)
 ParOldGen       total 1187840K, used 318530K [0x0000000080000000, 0x00000000c8800000, 0x00000000d5580000)
  object space 1187840K, 26% used [0x0000000080000000,0x0000000093710a40,0x00000000c8800000)
 Metaspace       used 85206K, committed 86720K, reserved 1179648K
  class space    used 8618K, committed 9344K, reserved 1048576K
}
Event: 18790.908 GC heap after
{Heap after GC invocations=2745 (full 5):
 PSYoungGen      total 16384K, used 564K [0x00000000d5580000, 0x00000000d6780000, 0x0000000100000000)
  eden space 15360K, 0% used [0x00000000d5580000,0x00000000d5580000,0x00000000d6480000)
  from space 1024K, 55% used [0x00000000d6680000,0x00000000d670d220,0x00000000d6780000)
  to   space 1024K, 0% used [0x00000000d6580000,0x00000000d6580000,0x00000000d6680000)
 ParOldGen       total 1187840K, used 318578K [0x0000000080000000, 0x00000000c8800000, 0x00000000d5580000)
  object space 1187840K, 26% used [0x0000000080000000,0x000000009371ca40,0x00000000c8800000)
 Metaspace       used 85206K, committed 86720K, reserved 1179648K
  class space    used 8618K, committed 9344K, reserved 1048576K
}
Event: 18793.920 GC heap before
{Heap before GC invocations=2746 (full 5):
 PSYoungGen      total 16384K, used 15924K [0x00000000d5580000, 0x00000000d6780000, 0x0000000100000000)
  eden space 15360K, 100% used [0x00000000d5580000,0x00000000d6480000,0x00000000d6480000)
  from space 1024K, 55% used [0x00000000d6680000,0x00000000d670d220,0x00000000d6780000)
  to   space 1024K, 0% used [0x00000000d6580000,0x00000000d6580000,0x00000000d6680000)
 ParOldGen       total 1187840K, used 318578K [0x0000000080000000, 0x00000000c8800000, 0x00000000d5580000)
  object space 1187840K, 26% used [0x0000000080000000,0x000000009371ca40,0x00000000c8800000)
 Metaspace       used 85225K, committed 86784K, reserved 1179648K
  class space    used 8618K, committed 9344K, reserved 1048576K
}
Event: 18793.971 GC heap after
{Heap after GC invocations=2746 (full 5):
 PSYoungGen      total 16384K, used 994K [0x00000000d5580000, 0x00000000d7680000, 0x0000000100000000)
  eden space 15360K, 0% used [0x00000000d5580000,0x00000000d5580000,0x00000000d6480000)
  from space 1024K, 97% used [0x00000000d6580000,0x00000000d6678ba8,0x00000000d6680000)
  to   space 9216K, 0% used [0x00000000d6d80000,0x00000000d6d80000,0x00000000d7680000)
 ParOldGen       total 1187840K, used 325242K [0x0000000080000000, 0x00000000c8800000, 0x00000000d5580000)
  object space 1187840K, 27% used [0x0000000080000000,0x0000000093d9e818,0x00000000c8800000)
 Metaspace       used 85225K, committed 86784K, reserved 1179648K
  class space    used 8618K, committed 9344K, reserved 1048576K
}
Event: 18794.082 GC heap before
{Heap before GC invocations=2747 (full 5):
 PSYoungGen      total 16384K, used 16354K [0x00000000d5580000, 0x00000000d7680000, 0x0000000100000000)
  eden space 15360K, 100% used [0x00000000d5580000,0x00000000d6480000,0x00000000d6480000)
  from space 1024K, 97% used [0x00000000d6580000,0x00000000d6678ba8,0x00000000d6680000)
  to   space 9216K, 0% used [0x00000000d6d80000,0x00000000d6d80000,0x00000000d7680000)
 ParOldGen       total 1187840K, used 325242K [0x0000000080000000, 0x00000000c8800000, 0x00000000d5580000)
  object space 1187840K, 27% used [0x0000000080000000,0x0000000093d9e818,0x00000000c8800000)
 Metaspace       used 85225K, committed 86784K, reserved 1179648K
  class space    used 8618K, committed 9344K, reserved 1048576K
}
Event: 18794.114 GC heap after
{Heap after GC invocations=2747 (full 5):
 PSYoungGen      total 20992K, used 9208K [0x00000000d5580000, 0x00000000d7d80000, 0x0000000100000000)
  eden space 11776K, 0% used [0x00000000d5580000,0x00000000d5580000,0x00000000d6100000)
  from space 9216K, 99% used [0x00000000d6d80000,0x00000000d767e000,0x00000000d7680000)
  to   space 12800K, 0% used [0x00000000d6100000,0x00000000d6100000,0x00000000d6d80000)
 ParOldGen       total 1187840K, used 327647K [0x0000000080000000, 0x00000000c8800000, 0x00000000d5580000)
  object space 1187840K, 27% used [0x0000000080000000,0x0000000093ff7f78,0x00000000c8800000)
 Metaspace       used 85225K, committed 86784K, reserved 1179648K
  class space    used 8618K, committed 9344K, reserved 1048576K
}
Event: 18794.268 GC heap before
{Heap before GC invocations=2748 (full 5):
 PSYoungGen      total 20992K, used 20984K [0x00000000d5580000, 0x00000000d7d80000, 0x0000000100000000)
  eden space 11776K, 100% used [0x00000000d5580000,0x00000000d6100000,0x00000000d6100000)
  from space 9216K, 99% used [0x00000000d6d80000,0x00000000d767e000,0x00000000d7680000)
  to   space 12800K, 0% used [0x00000000d6100000,0x00000000d6100000,0x00000000d6d80000)
 ParOldGen       total 1187840K, used 327647K [0x0000000080000000, 0x00000000c8800000, 0x00000000d5580000)
  object space 1187840K, 27% used [0x0000000080000000,0x0000000093ff7f78,0x00000000c8800000)
 Metaspace       used 85227K, committed 86784K, reserved 1179648K
  class space    used 8618K, committed 9344K, reserved 1048576K
}
Event: 18794.337 GC heap after
{Heap after GC invocations=2748 (full 5):
 PSYoungGen      total 23552K, used 11576K [0x00000000d5580000, 0x00000000d7900000, 0x0000000100000000)
  eden space 11776K, 0% used [0x00000000d5580000,0x00000000d5580000,0x00000000d6100000)
  from space 11776K, 98% used [0x00000000d6100000,0x00000000d6c4e170,0x00000000d6c80000)
  to   space 12288K, 0% used [0x00000000d6d00000,0x00000000d6d00000,0x00000000d7900000)
 ParOldGen       total 1187840K, used 335767K [0x0000000080000000, 0x00000000c8800000, 0x00000000d5580000)
  object space 1187840K, 28% used [0x0000000080000000,0x00000000947e5f78,0x00000000c8800000)
 Metaspace       used 85227K, committed 86784K, reserved 1179648K
  class space    used 8618K, committed 9344K, reserved 1048576K
}

Dll operation events (12 events):
Event: 0.034 Loaded shared library c:\Users\ASUS\.vscode\extensions\redhat.java-1.46.0-win32-x64\jre\21.0.8-win32-x86_64\bin\java.dll
Event: 0.278 Loaded shared library c:\Users\ASUS\.vscode\extensions\redhat.java-1.46.0-win32-x64\jre\21.0.8-win32-x86_64\bin\zip.dll
Event: 0.338 Loaded shared library C:\Users\ASUS\.vscode\extensions\redhat.java-1.46.0-win32-x64\jre\21.0.8-win32-x86_64\bin\instrument.dll
Event: 0.360 Loaded shared library C:\Users\ASUS\.vscode\extensions\redhat.java-1.46.0-win32-x64\jre\21.0.8-win32-x86_64\bin\net.dll
Event: 0.364 Loaded shared library C:\Users\ASUS\.vscode\extensions\redhat.java-1.46.0-win32-x64\jre\21.0.8-win32-x86_64\bin\nio.dll
Event: 0.375 Loaded shared library C:\Users\ASUS\.vscode\extensions\redhat.java-1.46.0-win32-x64\jre\21.0.8-win32-x86_64\bin\zip.dll
Event: 0.427 Loaded shared library C:\Users\ASUS\.vscode\extensions\redhat.java-1.46.0-win32-x64\jre\21.0.8-win32-x86_64\bin\jimage.dll
Event: 0.702 Loaded shared library c:\Users\ASUS\.vscode\extensions\redhat.java-1.46.0-win32-x64\jre\21.0.8-win32-x86_64\bin\verify.dll
Event: 8.490 Loaded shared library C:\Users\ASUS\AppData\Roaming\Code\User\globalStorage\redhat.java\1.46.0\config_win\org.eclipse.equinox.launcher\org.eclipse.equinox.launcher.win32.win32.x86_64_1.2.1400.v20250801-0854\eclipse_11916.dll
Event: 80.731 Loaded shared library C:\Users\ASUS\AppData\Local\Temp\jna-2018896\jna4167115620631777638.dll
Event: 97.457 Loaded shared library C:\Users\ASUS\.vscode\extensions\redhat.java-1.46.0-win32-x64\jre\21.0.8-win32-x86_64\bin\sunmscapi.dll
Event: 98.126 Loaded shared library C:\Users\ASUS\.vscode\extensions\redhat.java-1.46.0-win32-x64\jre\21.0.8-win32-x86_64\bin\extnet.dll

Deoptimization events (20 events):
Event: 18790.793 Thread 0x0000022d891f7710 Uncommon trap: trap_request=0xfffffff6 fr.pc=0x0000022d37093994 relative=0x0000000000000594
Event: 18790.793 Thread 0x0000022d891f7710 Uncommon trap: reason=null_check action=maybe_recompile pc=0x0000022d37093994 method=lombok.launch.PatchFixesHider$PatchFixes.isGenerated(Lorg/eclipse/jdt/core/dom/ASTNode;)Z @ 3 c2
Event: 18790.793 Thread 0x0000022d891f7710 DEOPT PACKING pc=0x0000022d37093994 sp=0x0000004dba3fe090
Event: 18790.794 Thread 0x0000022d891f7710 DEOPT UNPACKING pc=0x0000022d357a3aa2 sp=0x0000004dba3fe048 mode 2
Event: 18790.910 Thread 0x0000022d891f97e0 Uncommon trap: trap_request=0xffffff45 fr.pc=0x0000022d37315234 relative=0x0000000000000174
Event: 18790.910 Thread 0x0000022d891f97e0 Uncommon trap: reason=unstable_if action=reinterpret pc=0x0000022d37315234 method=org.eclipse.jdt.core.dom.DefaultCommentMapper$CommentMapperVisitor.endVisitNode(Lorg/eclipse/jdt/core/dom/ASTNode;)V @ 64 c2
Event: 18790.910 Thread 0x0000022d891f97e0 DEOPT PACKING pc=0x0000022d37315234 sp=0x0000004dba4fdf20
Event: 18790.910 Thread 0x0000022d891f97e0 DEOPT UNPACKING pc=0x0000022d357a3aa2 sp=0x0000004dba4fdec0 mode 2
Event: 18790.965 Thread 0x0000022d891fa500 Uncommon trap: trap_request=0xffffff45 fr.pc=0x0000022d364fa2f4 relative=0x0000000000000514
Event: 18790.965 Thread 0x0000022d891fa500 Uncommon trap: reason=unstable_if action=reinterpret pc=0x0000022d364fa2f4 method=java.util.List.of([Ljava/lang/Object;)Ljava/util/List; @ 2 c2
Event: 18790.965 Thread 0x0000022d891fa500 DEOPT PACKING pc=0x0000022d364fa2f4 sp=0x0000004dba2feaf0
Event: 18790.966 Thread 0x0000022d891fa500 DEOPT UNPACKING pc=0x0000022d357a3aa2 sp=0x0000004dba2fea98 mode 2
Event: 18791.236 Thread 0x0000022d8a57cf40 Uncommon trap: trap_request=0xffffff76 fr.pc=0x0000022d36977ea4 relative=0x00000000000004c4
Event: 18791.236 Thread 0x0000022d8a57cf40 Uncommon trap: reason=predicate action=maybe_recompile pc=0x0000022d36977ea4 method=org.eclipse.jdt.internal.compiler.parser.Scanner.checkTaskTag(II)V @ 203 c2
Event: 18791.236 Thread 0x0000022d8a57cf40 DEOPT PACKING pc=0x0000022d36977ea4 sp=0x0000004dbaafeab0
Event: 18791.238 Thread 0x0000022d8a57cf40 DEOPT UNPACKING pc=0x0000022d357a3aa2 sp=0x0000004dbaafe9f0 mode 2
Event: 18793.806 Thread 0x0000022d891f8ac0 Uncommon trap: trap_request=0xffffff45 fr.pc=0x0000022d3722d9a8 relative=0x0000000000001ec8
Event: 18793.807 Thread 0x0000022d891f8ac0 Uncommon trap: reason=unstable_if action=reinterpret pc=0x0000022d3722d9a8 method=org.eclipse.jdt.internal.core.index.DiskIndex.computeDocumentNames([Ljava/lang/String;[ILorg/eclipse/jdt/internal/compiler/util/SimpleLookupTable;Lorg/eclipse/jdt/internal/c
Event: 18793.807 Thread 0x0000022d891f8ac0 DEOPT PACKING pc=0x0000022d3722d9a8 sp=0x0000004dba5ff160
Event: 18793.810 Thread 0x0000022d891f8ac0 DEOPT UNPACKING pc=0x0000022d357a3aa2 sp=0x0000004dba5ff0f0 mode 2

Classes loaded (20 events):
Event: 9283.222 Loading class sun/security/ssl/PreSharedKeyExtension$PartialClientHelloMessage
Event: 9283.223 Loading class sun/security/ssl/PreSharedKeyExtension$PartialClientHelloMessage done
Event: 9283.223 Loading class sun/security/ssl/SSLEngineOutputRecord
Event: 9283.224 Loading class sun/security/ssl/SSLEngineOutputRecord done
Event: 9283.226 Loading class sun/security/ssl/SSLEngineOutputRecord$HandshakeFragment
Event: 9283.226 Loading class sun/security/ssl/SSLEngineOutputRecord$HandshakeFragment done
Event: 9283.226 Loading class sun/security/ssl/SSLEngineOutputRecord$HandshakeMemo
Event: 9283.226 Loading class sun/security/ssl/SSLEngineOutputRecord$RecordMemo
Event: 9283.227 Loading class sun/security/ssl/SSLEngineOutputRecord$RecordMemo done
Event: 9283.227 Loading class sun/security/ssl/SSLEngineOutputRecord$HandshakeMemo done
Event: 9283.255 Loading class sun/security/ssl/PreSharedKeyExtension$SHPreSharedKeySpec
Event: 9283.255 Loading class sun/security/ssl/PreSharedKeyExtension$SHPreSharedKeySpec done
Event: 9283.307 Loading class sun/net/www/http/KeepAliveCleanerEntry
Event: 9283.308 Loading class sun/net/www/http/KeepAliveCleanerEntry done
Event: 9283.308 Loading class sun/net/www/http/KeepAliveStream$1
Event: 9283.308 Loading class sun/net/www/http/KeepAliveStream$1 done
Event: 9283.309 Loading class sun/net/www/http/ChunkedInputStream
Event: 9283.310 Loading class sun/net/www/http/ChunkedInputStream done
Event: 15327.620 Loading class java/nio/channels/CompletionHandler
Event: 15327.642 Loading class java/nio/channels/CompletionHandler done

Classes unloaded (20 events):
Event: 15351.389 Thread 0x0000022d2af825f0 Unloading class 0x0000022d438f6400 'java/lang/invoke/LambdaForm$MH+0x0000022d438f6400'
Event: 15351.389 Thread 0x0000022d2af825f0 Unloading class 0x0000022d438f5800 'java/lang/invoke/LambdaForm$MH+0x0000022d438f5800'
Event: 15351.389 Thread 0x0000022d2af825f0 Unloading class 0x0000022d438f5400 'java/lang/invoke/LambdaForm$MH+0x0000022d438f5400'
Event: 15351.389 Thread 0x0000022d2af825f0 Unloading class 0x0000022d438f5000 'java/lang/invoke/LambdaForm$MH+0x0000022d438f5000'
Event: 15351.389 Thread 0x0000022d2af825f0 Unloading class 0x0000022d438f4800 'java/lang/invoke/LambdaForm$MH+0x0000022d438f4800'
Event: 15351.389 Thread 0x0000022d2af825f0 Unloading class 0x0000022d438f4400 'java/lang/invoke/LambdaForm$MH+0x0000022d438f4400'
Event: 15351.389 Thread 0x0000022d2af825f0 Unloading class 0x0000022d438f4000 'java/lang/invoke/LambdaForm$MH+0x0000022d438f4000'
Event: 15351.390 Thread 0x0000022d2af825f0 Unloading class 0x0000022d43172800 'java/lang/invoke/LambdaForm$MH+0x0000022d43172800'
Event: 15351.390 Thread 0x0000022d2af825f0 Unloading class 0x0000022d43182000 'java/lang/invoke/LambdaForm$MH+0x0000022d43182000'
Event: 15351.390 Thread 0x0000022d2af825f0 Unloading class 0x0000022d43183400 'java/lang/invoke/LambdaForm$MH+0x0000022d43183400'
Event: 15351.390 Thread 0x0000022d2af825f0 Unloading class 0x0000022d43764800 'java/lang/invoke/LambdaForm$MH+0x0000022d43764800'
Event: 15351.390 Thread 0x0000022d2af825f0 Unloading class 0x0000022d43764400 'java/lang/invoke/LambdaForm$MH+0x0000022d43764400'
Event: 15351.391 Thread 0x0000022d2af825f0 Unloading class 0x0000022d43500c00 'java/lang/invoke/LambdaForm$MH+0x0000022d43500c00'
Event: 15351.391 Thread 0x0000022d2af825f0 Unloading class 0x0000022d431aa800 'java/lang/invoke/LambdaForm$MH+0x0000022d431aa800'
Event: 15351.392 Thread 0x0000022d2af825f0 Unloading class 0x0000022d431aa400 'java/lang/invoke/LambdaForm$MH+0x0000022d431aa400'
Event: 15351.393 Thread 0x0000022d2af825f0 Unloading class 0x0000022d431a7400 'java/lang/invoke/LambdaForm$MH+0x0000022d431a7400'
Event: 15351.393 Thread 0x0000022d2af825f0 Unloading class 0x0000022d43019400 'java/lang/invoke/LambdaForm$MH+0x0000022d43019400'
Event: 15351.393 Thread 0x0000022d2af825f0 Unloading class 0x0000022d43018400 'java/lang/invoke/LambdaForm$MH+0x0000022d43018400'
Event: 15351.393 Thread 0x0000022d2af825f0 Unloading class 0x0000022d43018000 'java/lang/invoke/LambdaForm$MH+0x0000022d43018000'
Event: 15351.393 Thread 0x0000022d2af825f0 Unloading class 0x0000022d43017400 'java/lang/invoke/LambdaForm$MH+0x0000022d43017400'

Classes redefined (0 events):
No events

Internal exceptions (20 events):
Event: 17762.876 Thread 0x0000022d8a57bb90 Implicit null exception at 0x0000022d373676ed to 0x0000022d37369c34
Event: 17762.937 Thread 0x0000022d8a57bb90 Implicit null exception at 0x0000022d37315aa5 to 0x0000022d373178f4
Event: 17762.937 Thread 0x0000022d8a576640 Implicit null exception at 0x0000022d37315aa5 to 0x0000022d373178f4
Event: 17762.937 Thread 0x0000022d8becfd10 Implicit null exception at 0x0000022d37315aa5 to 0x0000022d373178f4
Event: 17762.942 Thread 0x0000022d8a576640 Implicit null exception at 0x0000022d37315aa5 to 0x0000022d373178f4
Event: 17762.942 Thread 0x0000022d8becfd10 Implicit null exception at 0x0000022d37315aa5 to 0x0000022d373178f4
Event: 17762.942 Thread 0x0000022d8a57bb90 Implicit null exception at 0x0000022d37315aa5 to 0x0000022d373178f4
Event: 17793.742 Thread 0x0000022d891f8ac0 Exception <a 'sun/nio/fs/WindowsException'{0x00000000d56c6800}> (0x00000000d56c6800) 
thrown [s\src\hotspot\share\prims\jni.cpp, line 520]
Event: 17794.396 Thread 0x0000022d891f8ac0 Exception <a 'sun/nio/fs/WindowsException'{0x00000000d5cc17d0}> (0x00000000d5cc17d0) 
thrown [s\src\hotspot\share\prims\jni.cpp, line 520]
Event: 17811.226 Thread 0x0000022d891f8ac0 Exception <a 'sun/nio/fs/WindowsException'{0x00000000d55d3c90}> (0x00000000d55d3c90) 
thrown [s\src\hotspot\share\prims\jni.cpp, line 520]
Event: 17812.079 Thread 0x0000022d891f8ac0 Exception <a 'sun/nio/fs/WindowsException'{0x00000000d59b9708}> (0x00000000d59b9708) 
thrown [s\src\hotspot\share\prims\jni.cpp, line 520]
Event: 18061.341 Thread 0x0000022d8a57b500 Exception <a 'sun/nio/fs/WindowsException'{0x00000000d5b6b180}> (0x00000000d5b6b180) 
thrown [s\src\hotspot\share\prims\jni.cpp, line 520]
Event: 18061.347 Thread 0x0000022d8a57b500 Exception <a 'sun/nio/fs/WindowsException'{0x00000000d5b6ba48}> (0x00000000d5b6ba48) 
thrown [s\src\hotspot\share\prims\jni.cpp, line 520]
Event: 18758.669 Thread 0x0000022d891f8ac0 Exception <a 'sun/nio/fs/WindowsException'{0x00000000d60f9a08}> (0x00000000d60f9a08) 
thrown [s\src\hotspot\share\prims\jni.cpp, line 520]
Event: 18759.438 Thread 0x0000022d891f8ac0 Exception <a 'sun/nio/fs/WindowsException'{0x00000000d588b9b0}> (0x00000000d588b9b0) 
thrown [s\src\hotspot\share\prims\jni.cpp, line 520]
Event: 18790.793 Thread 0x0000022d891f7710 Implicit null exception at 0x0000022d3709341a to 0x0000022d37093988
Event: 18790.793 Thread 0x0000022d891f7710 Implicit null exception at 0x0000022d3709341a to 0x0000022d37093988
Event: 18790.818 Thread 0x0000022d891f7710 Exception <a 'java/lang/NoSuchMethodError'{0x00000000d61bfed8}: 'int java.lang.invoke.DirectMethodHandle$Holder.invokeVirtual(java.lang.Object, java.lang.Object, java.lang.Object, int)'> (0x00000000d61bfed8) 
thrown [s\src\hotspot\share\interpreter\linkResolver.cpp, line 773]
Event: 18793.877 Thread 0x0000022d891f8ac0 Exception <a 'sun/nio/fs/WindowsException'{0x00000000d5d576a0}> (0x00000000d5d576a0) 
thrown [s\src\hotspot\share\prims\jni.cpp, line 520]
Event: 18794.471 Thread 0x0000022d891f8ac0 Exception <a 'sun/nio/fs/WindowsException'{0x00000000d59076e0}> (0x00000000d59076e0) 
thrown [s\src\hotspot\share\prims\jni.cpp, line 520]

ZGC Phase Switch (0 events):
No events

VM Operations (20 events):
Event: 18787.283 Executing VM operation: ParallelGCFailedAllocation (Allocation Failure) done
Event: 18787.765 Executing VM operation: ParallelGCFailedAllocation (Allocation Failure)
Event: 18787.776 Executing VM operation: ParallelGCFailedAllocation (Allocation Failure) done
Event: 18787.816 Executing VM operation: ParallelGCFailedAllocation (Allocation Failure)
Event: 18787.821 Executing VM operation: ParallelGCFailedAllocation (Allocation Failure) done
Event: 18788.829 Executing VM operation: Cleanup
Event: 18788.829 Executing VM operation: Cleanup done
Event: 18790.837 Executing VM operation: Cleanup
Event: 18790.837 Executing VM operation: Cleanup done
Event: 18790.902 Executing VM operation: ParallelGCFailedAllocation (Allocation Failure)
Event: 18790.908 Executing VM operation: ParallelGCFailedAllocation (Allocation Failure) done
Event: 18791.909 Executing VM operation: Cleanup
Event: 18791.925 Executing VM operation: Cleanup done
Event: 18793.920 Executing VM operation: ParallelGCFailedAllocation (Allocation Failure)
Event: 18793.971 Executing VM operation: ParallelGCFailedAllocation (Allocation Failure) done
Event: 18794.082 Executing VM operation: ParallelGCFailedAllocation (Allocation Failure)
Event: 18794.114 Executing VM operation: ParallelGCFailedAllocation (Allocation Failure) done
Event: 18794.268 Executing VM operation: ParallelGCFailedAllocation (Allocation Failure)
Event: 18794.337 Executing VM operation: ParallelGCFailedAllocation (Allocation Failure) done
Event: 18822.454 Executing VM operation: HandshakeAllThreads (HandshakeForDeflation)

Memory protections (0 events):
No events

Nmethod flushes (20 events):
Event: 15353.375 Thread 0x0000022d2af825f0 flushing  nmethod 0x0000022d304cc590
Event: 15353.375 Thread 0x0000022d2af825f0 flushing  nmethod 0x0000022d304cd090
Event: 15353.375 Thread 0x0000022d2af825f0 flushing  nmethod 0x0000022d304cd610
Event: 15353.375 Thread 0x0000022d2af825f0 flushing  nmethod 0x0000022d304d1410
Event: 15353.375 Thread 0x0000022d2af825f0 flushing  nmethod 0x0000022d304d4690
Event: 15353.375 Thread 0x0000022d2af825f0 flushing  nmethod 0x0000022d304d6f10
Event: 15353.375 Thread 0x0000022d2af825f0 flushing  nmethod 0x0000022d304d8d10
Event: 15353.375 Thread 0x0000022d2af825f0 flushing  nmethod 0x0000022d304d9610
Event: 15353.375 Thread 0x0000022d2af825f0 flushing  nmethod 0x0000022d304ddf10
Event: 15353.375 Thread 0x0000022d2af825f0 flushing  nmethod 0x0000022d304de510
Event: 15353.375 Thread 0x0000022d2af825f0 flushing  nmethod 0x0000022d304e1410
Event: 15353.375 Thread 0x0000022d2af825f0 flushing  nmethod 0x0000022d304e1710
Event: 15353.375 Thread 0x0000022d2af825f0 flushing  nmethod 0x0000022d304e2410
Event: 15353.375 Thread 0x0000022d2af825f0 flushing  nmethod 0x0000022d304e3190
Event: 15353.375 Thread 0x0000022d2af825f0 flushing  nmethod 0x0000022d304e5b90
Event: 15353.375 Thread 0x0000022d2af825f0 flushing  nmethod 0x0000022d304eb710
Event: 15353.375 Thread 0x0000022d2af825f0 flushing  nmethod 0x0000022d30505b10
Event: 15353.375 Thread 0x0000022d2af825f0 flushing  nmethod 0x0000022d30506410
Event: 15353.375 Thread 0x0000022d2af825f0 flushing  nmethod 0x0000022d30509010
Event: 15353.375 Thread 0x0000022d2af825f0 flushing  nmethod 0x0000022d30516a10

Events (20 events):
Event: 18103.555 Thread 0x0000022d8a57bb90 Thread exited: 0x0000022d8a57bb90
Event: 18111.477 Thread 0x0000022d8beceff0 Thread exited: 0x0000022d8beceff0
Event: 18121.616 Thread 0x0000022d891f97e0 Thread exited: 0x0000022d891f97e0
Event: 18163.555 Thread 0x0000022d8a57c220 Thread exited: 0x0000022d8a57c220
Event: 18709.211 Thread 0x0000022d8bed1750 Thread added: 0x0000022d891f9e70
Event: 18709.404 Thread 0x0000022d8bed1750 Thread added: 0x0000022d891fa500
Event: 18709.413 Thread 0x0000022d8bed1750 Thread added: 0x0000022d891f7710
Event: 18709.422 Thread 0x0000022d8bed1750 Thread added: 0x0000022d891f97e0
Event: 18709.424 Thread 0x0000022d891f9e70 Thread added: 0x0000022d891f7080
Event: 18709.432 Thread 0x0000022d891f7080 Thread added: 0x0000022d8a5779f0
Event: 18758.691 Thread 0x0000022d8a57b500 Thread added: 0x0000022d8a578da0
Event: 18758.807 Thread 0x0000022d8bed1750 Thread added: 0x0000022d8a579430
Event: 18758.819 Thread 0x0000022d8a578da0 Thread added: 0x0000022d8a576640
Event: 18759.028 Thread 0x0000022d8a57cf40 Thread added: 0x0000022d8a57bb90
Event: 18759.029 Thread 0x0000022d8a57cf40 Thread added: 0x0000022d8a57c220
Event: 18759.052 Thread 0x0000022d8a57cf40 Thread added: 0x0000022d8a57c8b0
Event: 18759.109 Thread 0x0000022d8a57cf40 Thread added: 0x0000022d8a57a150
Event: 18759.111 Thread 0x0000022d8a57cf40 Thread added: 0x0000022d8a57a7e0
Event: 18794.014 Thread 0x0000022d8a576640 Thread added: 0x0000022d8c4e7ff0
Event: 18794.015 Thread 0x0000022d8a579430 Thread added: 0x0000022d8c4e7960


Dynamic libraries:
0x00007ff60ed50000 - 0x00007ff60ed5e000 	c:\Users\ASUS\.vscode\extensions\redhat.java-1.46.0-win32-x64\jre\21.0.8-win32-x86_64\bin\java.exe
0x00007ffe88160000 - 0x00007ffe883c8000 	C:\WINDOWS\SYSTEM32\ntdll.dll
0x00007ffe872c0000 - 0x00007ffe87389000 	C:\WINDOWS\System32\KERNEL32.DLL
0x00007ffe85b30000 - 0x00007ffe85f22000 	C:\WINDOWS\System32\KERNELBASE.dll
0x00007ffe855e0000 - 0x00007ffe8572b000 	C:\WINDOWS\System32\ucrtbase.dll
0x00007ffe59f10000 - 0x00007ffe59f2e000 	c:\Users\ASUS\.vscode\extensions\redhat.java-1.46.0-win32-x64\jre\21.0.8-win32-x86_64\bin\VCRUNTIME140.dll
0x00007ffe5a830000 - 0x00007ffe5a848000 	c:\Users\ASUS\.vscode\extensions\redhat.java-1.46.0-win32-x64\jre\21.0.8-win32-x86_64\bin\jli.dll
0x00007ffe87710000 - 0x00007ffe878d5000 	C:\WINDOWS\System32\USER32.dll
0x00007ffe855b0000 - 0x00007ffe855d7000 	C:\WINDOWS\System32\win32u.dll
0x00007ffe70670000 - 0x00007ffe70903000 	C:\WINDOWS\WinSxS\amd64_microsoft.windows.common-controls_6595b64144ccf1df_6.0.26100.6899_none_3e0efeeae32e88c1\COMCTL32.dll
0x00007ffe87b50000 - 0x00007ffe87b7b000 	C:\WINDOWS\System32\GDI32.dll
0x00007ffe871a0000 - 0x00007ffe87249000 	C:\WINDOWS\System32\msvcrt.dll
0x00007ffe85a00000 - 0x00007ffe85b2d000 	C:\WINDOWS\System32\gdi32full.dll
0x00007ffe85380000 - 0x00007ffe85423000 	C:\WINDOWS\System32\msvcp_win.dll
0x00007ffe88060000 - 0x00007ffe8808f000 	C:\WINDOWS\System32\IMM32.DLL
0x00007ffe79950000 - 0x00007ffe7995c000 	c:\Users\ASUS\.vscode\extensions\redhat.java-1.46.0-win32-x64\jre\21.0.8-win32-x86_64\bin\vcruntime140_1.dll
0x00007ffe35e00000 - 0x00007ffe35e8d000 	c:\Users\ASUS\.vscode\extensions\redhat.java-1.46.0-win32-x64\jre\21.0.8-win32-x86_64\bin\msvcp140.dll
0x00007ffdcbed0000 - 0x00007ffdccc67000 	c:\Users\ASUS\.vscode\extensions\redhat.java-1.46.0-win32-x64\jre\21.0.8-win32-x86_64\bin\server\jvm.dll
0x00007ffe87b80000 - 0x00007ffe87c34000 	C:\WINDOWS\System32\ADVAPI32.dll
0x00007ffe86800000 - 0x00007ffe868a6000 	C:\WINDOWS\System32\sechost.dll
0x00007ffe87c40000 - 0x00007ffe87d58000 	C:\WINDOWS\System32\RPCRT4.dll
0x00007ffe87fe0000 - 0x00007ffe88054000 	C:\WINDOWS\System32\WS2_32.dll
0x00007ffe85150000 - 0x00007ffe851ae000 	C:\WINDOWS\SYSTEM32\POWRPROF.dll
0x00007ffe750e0000 - 0x00007ffe750eb000 	C:\WINDOWS\SYSTEM32\VERSION.dll
0x00007ffe7b180000 - 0x00007ffe7b1b5000 	C:\WINDOWS\SYSTEM32\WINMM.dll
0x00007ffe85130000 - 0x00007ffe85144000 	C:\WINDOWS\SYSTEM32\UMPDC.dll
0x00007ffe840c0000 - 0x00007ffe840db000 	C:\WINDOWS\SYSTEM32\kernel.appcore.dll
0x00007ffe60c90000 - 0x00007ffe60c9a000 	c:\Users\ASUS\.vscode\extensions\redhat.java-1.46.0-win32-x64\jre\21.0.8-win32-x86_64\bin\jimage.dll
0x00007ffe77bf0000 - 0x00007ffe77e32000 	C:\WINDOWS\SYSTEM32\DBGHELP.DLL
0x00007ffe87390000 - 0x00007ffe8770b000 	C:\WINDOWS\System32\combase.dll
0x00007ffe86690000 - 0x00007ffe86767000 	C:\WINDOWS\System32\OLEAUT32.dll
0x00007ffe6b620000 - 0x00007ffe6b65c000 	C:\WINDOWS\SYSTEM32\dbgcore.DLL
0x00007ffe858a0000 - 0x00007ffe85938000 	C:\WINDOWS\System32\bcryptPrimitives.dll
0x00007ffe6f840000 - 0x00007ffe6f84f000 	c:\Users\ASUS\.vscode\extensions\redhat.java-1.46.0-win32-x64\jre\21.0.8-win32-x86_64\bin\instrument.dll
0x00007ffe54ab0000 - 0x00007ffe54acf000 	c:\Users\ASUS\.vscode\extensions\redhat.java-1.46.0-win32-x64\jre\21.0.8-win32-x86_64\bin\java.dll
0x00007ffe868b0000 - 0x00007ffe86ffd000 	C:\WINDOWS\System32\SHELL32.dll
0x00007ffe85730000 - 0x00007ffe8589b000 	C:\WINDOWS\System32\wintypes.dll
0x00007ffe82f40000 - 0x00007ffe8379d000 	C:\WINDOWS\SYSTEM32\windows.storage.dll
0x00007ffe86590000 - 0x00007ffe86682000 	C:\WINDOWS\System32\SHCORE.dll
0x00007ffe87250000 - 0x00007ffe872b2000 	C:\WINDOWS\System32\shlwapi.dll
0x00007ffe85210000 - 0x00007ffe85239000 	C:\WINDOWS\SYSTEM32\profapi.dll
0x00007ffe53f90000 - 0x00007ffe53fa8000 	c:\Users\ASUS\.vscode\extensions\redhat.java-1.46.0-win32-x64\jre\21.0.8-win32-x86_64\bin\zip.dll
0x00007ffe60b60000 - 0x00007ffe60b70000 	C:\Users\ASUS\.vscode\extensions\redhat.java-1.46.0-win32-x64\jre\21.0.8-win32-x86_64\bin\net.dll
0x00007ffe7a5c0000 - 0x00007ffe7a6df000 	C:\WINDOWS\SYSTEM32\WINHTTP.dll
0x00007ffe84630000 - 0x00007ffe8469b000 	C:\WINDOWS\system32\mswsock.dll
0x00007ffe53f70000 - 0x00007ffe53f86000 	C:\Users\ASUS\.vscode\extensions\redhat.java-1.46.0-win32-x64\jre\21.0.8-win32-x86_64\bin\nio.dll
0x00007ffe6d6f0000 - 0x00007ffe6d700000 	c:\Users\ASUS\.vscode\extensions\redhat.java-1.46.0-win32-x64\jre\21.0.8-win32-x86_64\bin\verify.dll
0x00007ffe6d650000 - 0x00007ffe6d694000 	C:\Users\ASUS\AppData\Roaming\Code\User\globalStorage\redhat.java\1.46.0\config_win\org.eclipse.equinox.launcher\org.eclipse.equinox.launcher.win32.win32.x86_64_1.2.1400.v20250801-0854\eclipse_11916.dll
0x00007ffe87000000 - 0x00007ffe87198000 	C:\WINDOWS\System32\ole32.dll
0x00007ffe848e0000 - 0x00007ffe848fb000 	C:\WINDOWS\SYSTEM32\CRYPTSP.dll
0x00007ffe84020000 - 0x00007ffe8405b000 	C:\WINDOWS\system32\rsaenh.dll
0x00007ffe846d0000 - 0x00007ffe846fb000 	C:\WINDOWS\SYSTEM32\USERENV.dll
0x00007ffe851e0000 - 0x00007ffe85206000 	C:\WINDOWS\SYSTEM32\bcrypt.dll
0x00007ffe84900000 - 0x00007ffe8490c000 	C:\WINDOWS\SYSTEM32\CRYPTBASE.dll
0x00007ffe83ac0000 - 0x00007ffe83af4000 	C:\WINDOWS\SYSTEM32\IPHLPAPI.DLL
0x00007ffe860f0000 - 0x00007ffe860fa000 	C:\WINDOWS\System32\NSI.dll
0x00007ffe2dd00000 - 0x00007ffe2dd49000 	C:\Users\ASUS\AppData\Local\Temp\jna-2018896\jna4167115620631777638.dll
0x00007ffe860c0000 - 0x00007ffe860c8000 	C:\WINDOWS\System32\PSAPI.DLL
0x00007ffe7a960000 - 0x00007ffe7a97e000 	C:\WINDOWS\SYSTEM32\dhcpcsvc6.DLL
0x00007ffe7a870000 - 0x00007ffe7a893000 	C:\WINDOWS\SYSTEM32\dhcpcsvc.DLL
0x00007ffe799b0000 - 0x00007ffe799be000 	C:\Users\ASUS\.vscode\extensions\redhat.java-1.46.0-win32-x64\jre\21.0.8-win32-x86_64\bin\sunmscapi.dll
0x00007ffe85430000 - 0x00007ffe855a7000 	C:\WINDOWS\System32\CRYPT32.dll
0x00007ffe84b00000 - 0x00007ffe84b30000 	C:\WINDOWS\SYSTEM32\ncrypt.dll
0x00007ffe84ab0000 - 0x00007ffe84aef000 	C:\WINDOWS\SYSTEM32\NTASN1.dll
0x00007ffe83b50000 - 0x00007ffe83c76000 	C:\WINDOWS\SYSTEM32\DNSAPI.dll
0x00007ffe789e0000 - 0x00007ffe789eb000 	C:\Windows\System32\rasadhlp.dll
0x00007ffe7b230000 - 0x00007ffe7b2b6000 	C:\WINDOWS\System32\fwpuclnt.dll
0x00007ffe799a0000 - 0x00007ffe799a9000 	C:\Users\ASUS\.vscode\extensions\redhat.java-1.46.0-win32-x64\jre\21.0.8-win32-x86_64\bin\extnet.dll

JVMTI agents:
c:\Users\ASUS\.vscode\extensions\redhat.java-1.46.0-win32-x64\lombok\lombok-1.18.39-4050.jar path:c:\Users\ASUS\.vscode\extensions\redhat.java-1.46.0-win32-x64\jre\21.0.8-win32-x86_64\bin\instrument.dll, loaded, initialized, instrumentlib options:none

dbghelp: loaded successfully - version: 4.0.5 - missing functions: none
symbol engine: initialized successfully - sym options: 0x614 - pdb path: .;c:\Users\ASUS\.vscode\extensions\redhat.java-1.46.0-win32-x64\jre\21.0.8-win32-x86_64\bin;C:\WINDOWS\SYSTEM32;C:\WINDOWS\WinSxS\amd64_microsoft.windows.common-controls_6595b64144ccf1df_6.0.26100.6899_none_3e0efeeae32e88c1;c:\Users\ASUS\.vscode\extensions\redhat.java-1.46.0-win32-x64\jre\21.0.8-win32-x86_64\bin\server;C:\Users\ASUS\AppData\Roaming\Code\User\globalStorage\redhat.java\1.46.0\config_win\org.eclipse.equinox.launcher\org.eclipse.equinox.launcher.win32.win32.x86_64_1.2.1400.v20250801-0854;C:\Users\ASUS\AppData\Local\Temp\jna-2018896

VM Arguments:
jvm_args: --add-modules=ALL-SYSTEM --add-opens=java.base/java.util=ALL-UNNAMED --add-opens=java.base/java.lang=ALL-UNNAMED --add-opens=java.base/sun.nio.fs=ALL-UNNAMED -Declipse.application=org.eclipse.jdt.ls.core.id1 -Dosgi.bundles.defaultStartLevel=4 -Declipse.product=org.eclipse.jdt.ls.core.product -Djava.import.generatesMetadataFilesAtProjectRoot=false -DDetectVMInstallationsJob.disabled=true -Dfile.encoding=utf8 -XX:+UseParallelGC -XX:GCTimeRatio=4 -XX:AdaptiveSizePolicyWeight=90 -Dsun.zip.disableMemoryMapping=true -Xmx2G -Xms100m -Xlog:disable -javaagent:c:\Users\ASUS\.vscode\extensions\redhat.java-1.46.0-win32-x64\lombok\lombok-1.18.39-4050.jar -XX:+HeapDumpOnOutOfMemoryError -XX:HeapDumpPath=c:\Users\ASUS\AppData\Roaming\Code\User\workspaceStorage\1604d3d35119efbe67ca6a0fd756e219\redhat.java -Daether.dependencyCollector.impl=bf 
java_command: c:\Users\ASUS\.vscode\extensions\redhat.java-1.46.0-win32-x64\server\plugins\org.eclipse.equinox.launcher_1.7.0.v20250519-0528.jar -configuration c:\Users\ASUS\AppData\Roaming\Code\User\globalStorage\redhat.java\1.46.0\config_win -data c:\Users\ASUS\AppData\Roaming\Code\User\workspaceStorage\1604d3d35119efbe67ca6a0fd756e219\redhat.java\jdt_ws --pipe=\\.\pipe\lsp-a810c468be225bc5272290d48d2aa15d-sock
java_class_path (initial): c:\Users\ASUS\.vscode\extensions\redhat.java-1.46.0-win32-x64\server\plugins\org.eclipse.equinox.launcher_1.7.0.v20250519-0528.jar
Launcher Type: SUN_STANDARD

[Global flags]
    uintx AdaptiveSizePolicyWeight                 = 90                                        {product} {command line}
     intx CICompilerCount                          = 4                                         {product} {ergonomic}
    uintx GCTimeRatio                              = 4                                         {product} {command line}
     bool HeapDumpOnOutOfMemoryError               = true                                   {manageable} {command line}
    ccstr HeapDumpPath                             = c:\Users\ASUS\AppData\Roaming\Code\User\workspaceStorage\1604d3d35119efbe67ca6a0fd756e219\redhat.java         {manageable} {command line}
   size_t InitialHeapSize                          = 104857600                                 {product} {command line}
   size_t MaxHeapSize                              = 2147483648                                {product} {command line}
   size_t MaxNewSize                               = 715653120                                 {product} {ergonomic}
   size_t MinHeapDeltaBytes                        = 524288                                    {product} {ergonomic}
   size_t MinHeapSize                              = 104857600                                 {product} {command line}
   size_t NewSize                                  = 34603008                                  {product} {ergonomic}
    uintx NonNMethodCodeHeapSize                   = 5839372                                {pd product} {ergonomic}
    uintx NonProfiledCodeHeapSize                  = 122909434                              {pd product} {ergonomic}
   size_t OldSize                                  = 70254592                                  {product} {ergonomic}
    uintx ProfiledCodeHeapSize                     = 122909434                              {pd product} {ergonomic}
    uintx ReservedCodeCacheSize                    = 251658240                              {pd product} {ergonomic}
     bool SegmentedCodeCache                       = true                                      {product} {ergonomic}
   size_t SoftMaxHeapSize                          = 2147483648                             {manageable} {ergonomic}
     bool UseCompressedOops                        = true                           {product lp64_product} {ergonomic}
     bool UseLargePagesIndividualAllocation        = false                                  {pd product} {ergonomic}
     bool UseParallelGC                            = true                                      {product} {command line}

Logging:
Log output configuration:
 #0: stdout all=off uptime,level,tags foldmultilines=false
 #1: stderr all=off uptime,level,tags foldmultilines=false

Environment Variables:
JAVA_HOME=C:\Program Files\Java\jdk-21
PATH=C:\Program Files\Common Files\Oracle\Java\javapath;C:\Program Files (x86)\Common Files\Oracle\Java\javapath;C:\WINDOWS\system32;C:\WINDOWS;C:\WINDOWS\System32\Wbem;C:\WINDOWS\System32\WindowsPowerShell\v1.0\;C:\WINDOWS\System32\OpenSSH\;C:\Program Files\Java\jdk-21\bin;C:\Program Files\Git\cmd;C:\Program Files\MySQL\MySQL Server 8.0\bin;C:\MinGW\bin;C:\Program Files\PuTTY\;C:\Program Files\PostgreSQL\17\bin;;C:\Program Files\Docker\Docker\resources\bin;C:\Program Files\nodejs\;C:\Program Files\Go\bin;C:\Users\ASUS\anaconda3;C:\Users\ASUS\anaconda3\Library\mingw-w64\bin;C:\Users\ASUS\anaconda3\Library\usr\bin;C:\Users\ASUS\anaconda3\Library\bin;C:\Users\ASUS\anaconda3\Scripts;C:\Users\ASUS\AppData\Local\Programs\Python\Python312\Scripts\;C:\Users\ASUS\AppData\Local\Programs\Python\Python312\;C:\Users\ASUS\AppData\Local\Programs\Python\Python311\Scripts\;C:\Users\ASUS\AppData\Local\Programs\Python\Python311\;C:\Users\ASUS\AppData\Local\Microsoft\WindowsApps;C:\Users\ASUS\AppData\Local\Programs\Microsoft VS Code\bin;C:\Users\ASUS\gradle-8.6-bin (1)\gradle-8.6\bin;C:\Users\ASUS\dev\flutter\bin;C:\MyApp\kubectl\;C:\Program Files\Git\bin;C:\Users\ASUS\AppData\Roaming\npm;C:\Users\ASUS\go\bin
USERNAME=ASUS
OS=Windows_NT
PROCESSOR_IDENTIFIER=AMD64 Family 23 Model 160 Stepping 0, AuthenticAMD
TMP=C:\Users\ASUS\AppData\Local\Temp
TEMP=C:\Users\ASUS\AppData\Local\Temp




Periodic native trim disabled

---------------  S Y S T E M  ---------------

OS:
 Windows 11 , 64 bit Build 26100 (10.0.26100.6725)
OS uptime: 0 days 6:25 hours
Hyper-V role detected

CPU: total 8 (initial active 8) (8 cores per cpu, 2 threads per core) family 23 model 160 stepping 0 microcode 0x8a00006, cx8, cmov, fxsr, ht, mmx, 3dnowpref, sse, sse2, sse3, ssse3, sse4a, sse4.1, sse4.2, popcnt, lzcnt, tsc, tscinvbit, avx, avx2, aes, clmul, bmi1, bmi2, adx, sha, fma, vzeroupper, clflush, clflushopt, hv, rdtscp, rdpid, f16c
Processor Information for the first 8 processors :
  Max Mhz: 2401, Current Mhz: 2401, Mhz Limit: 2401

Memory: 4k page, system-wide physical 7455M (435M free)
TotalPageFile size 29983M (AvailPageFile size 20M)
current process WorkingSet (physical memory assigned to process): 42M, peak: 896M
current process commit charge ("private bytes"): 1587M, peak: 1672M

vm_info: OpenJDK 64-Bit Server VM (21.0.8+9-LTS) for windows-amd64 JRE (21.0.8+9-LTS), built on 2025-07-15T00:00:00Z by "admin" with MS VC++ 17.7 (VS2022)

END.
